[20:22:30.729] [32mINFO[39m (8092): [36mServer listening[39m
    [35mport[39m: 5000
[20:23:09.326] [32mINFO[39m (8092): [36mrequest completed[39m
    [35mreq[39m: {
      "id": 1,
      "method": "GET",
      "url": "/api/health",
      "query": {},
      "params": {},
      "headers": {
        "user-agent": "Mozilla/5.0 (Windows NT; Windows NT 10.0; en-US) WindowsPowerShell/5.1.26100.7462",
        "host": "localhost:5000",
        "connection": "Keep-Alive"
      },
      "remoteAddress": "::ffff:127.0.0.1",
      "remotePort": 61513
    }
    [35mres[39m: {
      "statusCode": 404,
      "headers": {
        "x-powered-by": "Express",
        "access-control-allow-origin": "*",
        "content-security-policy": "default-src 'none'",
        "x-content-type-options": "nosniff",
        "content-type": "text/html; charset=utf-8",
        "content-length": 149
      }
    }
    [35mresponseTime[39m: 4
[20:23:09.399] [32mINFO[39m (8092): [36mrequest completed[39m
    [35mreq[39m: {
      "id": 2,
      "method": "GET",
      "url": "/api/products",
      "query": {},
      "params": {},
      "headers": {
        "user-agent": "Mozilla/5.0 (Windows NT; Windows NT 10.0; en-US) WindowsPowerShell/5.1.26100.7462",
        "host": "localhost:5000"
      },
      "remoteAddress": "::ffff:127.0.0.1",
      "remotePort": 61513
    }
    [35mres[39m: {
      "statusCode": 200,
      "headers": {
        "x-powered-by": "Express",
        "access-control-allow-origin": "*",
        "content-type": "application/json; charset=utf-8",
        "content-length": "2",
        "etag": "W/\"2-l9Fw4VUO7kr8CvBlt4zaMCqXZ0w\""
      }
    }
    [35mresponseTime[39m: 53
[20:23:09.420] [32mINFO[39m (8092): [36mrequest completed[39m
    [35mreq[39m: {
      "id": 3,
      "method": "GET",
      "url": "/api/orders",
      "query": {},
      "params": {},
      "headers": {
        "user-agent": "Mozilla/5.0 (Windows NT; Windows NT 10.0; en-US) WindowsPowerShell/5.1.26100.7462",
        "host": "localhost:5000"
      },
      "remoteAddress": "::ffff:127.0.0.1",
      "remotePort": 61513
    }
    [35mres[39m: {
      "statusCode": 200,
      "headers": {
        "x-powered-by": "Express",
        "access-control-allow-origin": "*",
        "content-type": "application/json; charset=utf-8",
        "content-length": "2",
        "etag": "W/\"2-l9Fw4VUO7kr8CvBlt4zaMCqXZ0w\""
      }
    }
    [35mresponseTime[39m: 2
[20:24:13.260] [32mINFO[39m (8092): [36mrequest completed[39m
    [35mreq[39m: {
      "id": 4,
      "method": "GET",
      "url": "/api/healthz",
      "query": {},
      "params": {},
      "headers": {
        "user-agent": "Mozilla/5.0 (Windows NT; Windows NT 10.0; en-US) WindowsPowerShell/5.1.26100.7462",
        "host": "localhost:5000",
        "connection": "Keep-Alive"
      },
      "remoteAddress": "::ffff:127.0.0.1",
      "remotePort": 50221
    }
    [35mres[39m: {
      "statusCode": 200,
      "headers": {
        "x-powered-by": "Express",
        "access-control-allow-origin": "*",
        "content-type": "application/json; charset=utf-8",
        "content-length": "15",
        "etag": "W/\"f-VaSQ4oDUiZblZNAEkkN+sX+q3Sg\""
      }
    }
    [35mresponseTime[39m: 2
[20:24:13.306] [32mINFO[39m (8092): [36mrequest completed[39m
    [35mreq[39m: {
      "id": 5,
      "method": "GET",
      "url": "/api/products",
      "query": {},
      "params": {},
      "headers": {
        "user-agent": "Mozilla/5.0 (Windows NT; Windows NT 10.0; en-US) WindowsPowerShell/5.1.26100.7462",
        "host": "localhost:5000"
      },
      "remoteAddress": "::ffff:127.0.0.1",
      "remotePort": 50221
    }
    [35mres[39m: {
      "statusCode": 200,
      "headers": {
        "x-powered-by": "Express",
        "access-control-allow-origin": "*",
        "content-type": "application/json; charset=utf-8",
        "content-length": "2",
        "etag": "W/\"2-l9Fw4VUO7kr8CvBlt4zaMCqXZ0w\""
      }
    }
    [35mresponseTime[39m: 33
[20:24:13.315] [32mINFO[39m (8092): [36mrequest completed[39m
    [35mreq[39m: {
      "id": 6,
      "method": "GET",
      "url": "/api/orders",
      "query": {},
      "params": {},
      "headers": {
        "user-agent": "Mozilla/5.0 (Windows NT; Windows NT 10.0; en-US) WindowsPowerShell/5.1.26100.7462",
        "host": "localhost:5000"
      },
      "remoteAddress": "::ffff:127.0.0.1",
      "remotePort": 50221
    }
    [35mres[39m: {
      "statusCode": 200,
      "headers": {
        "x-powered-by": "Express",
        "access-control-allow-origin": "*",
        "content-type": "application/json; charset=utf-8",
        "content-length": "2",
        "etag": "W/\"2-l9Fw4VUO7kr8CvBlt4zaMCqXZ0w\""
      }
    }
    [35mresponseTime[39m: 2
[20:27:21.417] [32mINFO[39m (8092): [36mrequest completed[39m
    [35mreq[39m: {
      "id": 7,
      "method": "GET",
      "url": "/api/orders",
      "query": {},
      "params": {},
      "headers": {
        "host": "localhost:5000",
        "connection": "keep-alive",
        "sec-ch-ua-platform": "\"Windows\"",
        "user-agent": "Mozilla/5.0 (Windows NT 10.0; Win64; x64) AppleWebKit/537.36 (KHTML, like Gecko) Chrome/151.0.0.0 Safari/537.36 Edg/151.0.0.0",
        "sec-ch-ua": "\"Not=A?Brand\";v=\"99\", \"Microsoft Edge\";v=\"151\", \"Chromium\";v=\"151\"",
        "dnt": "1",
        "sec-ch-ua-mobile": "?0",
        "accept": "*/*",
        "origin": "http://localhost:5173",
        "sec-fetch-site": "same-site",
        "sec-fetch-mode": "cors",
        "sec-fetch-dest": "empty",
        "referer": "http://localhost:5173/",
        "accept-encoding": "gzip, deflate, br, zstd",
        "accept-language": "en-US,en;q=0.9,ar;q=0.8"
      },
      "remoteAddress": "::1",
      "remotePort": 62917
    }
    [35mres[39m: {
      "statusCode": 200,
      "headers": {
        "x-powered-by": "Express",
        "access-control-allow-origin": "*",
        "content-type": "application/json; charset=utf-8",
        "content-length": "2",
        "etag": "W/\"2-l9Fw4VUO7kr8CvBlt4zaMCqXZ0w\""
      }
    }
    [35mresponseTime[39m: 34
[20:27:22.699] [32mINFO[39m (8092): [36mrequest completed[39m
    [35mreq[39m: {
      "id": 8,
      "method": "GET",
      "url": "/api/products",
      "query": {},
      "params": {},
      "headers": {
        "host": "localhost:5000",
        "connection": "keep-alive",
        "sec-ch-ua-platform": "\"Windows\"",
        "user-agent": "Mozilla/5.0 (Windows NT 10.0; Win64; x64) AppleWebKit/537.36 (KHTML, like Gecko) Chrome/151.0.0.0 Safari/537.36 Edg/151.0.0.0",
        "sec-ch-ua": "\"Not=A?Brand\";v=\"99\", \"Microsoft Edge\";v=\"151\", \"Chromium\";v=\"151\"",
        "dnt": "1",
        "sec-ch-ua-mobile": "?0",
        "accept": "*/*",
        "origin": "http://localhost:5173",
        "sec-fetch-site": "same-site",
        "sec-fetch-mode": "cors",
        "sec-fetch-dest": "empty",
        "referer": "http://localhost:5173/",
        "accept-encoding": "gzip, deflate, br, zstd",
        "accept-language": "en-US,en;q=0.9,ar;q=0.8"
      },
      "remoteAddress": "::1",
      "remotePort": 62917
    }
    [35mres[39m: {
      "statusCode": 200,
      "headers": {
        "x-powered-by": "Express",
        "access-control-allow-origin": "*",
        "content-type": "application/json; charset=utf-8",
        "content-length": "2",
        "etag": "W/\"2-l9Fw4VUO7kr8CvBlt4zaMCqXZ0w\""
      }
    }
    [35mresponseTime[39m: 2
[20:27:26.225] [32mINFO[39m (8092): [36mrequest completed[39m
    [35mreq[39m: {
      "id": 9,
      "method": "OPTIONS",
      "url": "/api/products",
      "query": {},
      "params": {},
      "headers": {
        "host": "localhost:5000",
        "connection": "keep-alive",
        "accept": "*/*",
        "access-control-request-method": "POST",
        "access-control-request-headers": "content-type",
        "origin": "http://localhost:5173",
        "user-agent": "Mozilla/5.0 (Windows NT 10.0; Win64; x64) AppleWebKit/537.36 (KHTML, like Gecko) Chrome/151.0.0.0 Safari/537.36 Edg/151.0.0.0",
        "sec-fetch-mode": "cors",
        "sec-fetch-site": "same-site",
        "sec-fetch-dest": "empty",
        "referer": "http://localhost:5173/",
        "accept-encoding": "gzip, deflate, br, zstd",
        "accept-language": "en-US,en;q=0.9,ar;q=0.8"
      },
      "remoteAddress": "::1",
      "remotePort": 62917
    }
    [35mres[39m: {
      "statusCode": 204,
      "headers": {
        "x-powered-by": "Express",
        "access-control-allow-origin": "*",
        "access-control-allow-methods": "GET,HEAD,PUT,PATCH,POST,DELETE",
        "vary": "Access-Control-Request-Headers",
        "access-control-allow-headers": "content-type",
        "content-length": "0"
      }
    }
    [35mresponseTime[39m: 1
[20:27:26.242] [32mINFO[39m (8092): [36mrequest completed[39m
    [35mreq[39m: {
      "id": 10,
      "method": "POST",
      "url": "/api/products",
      "query": {},
      "params": {},
      "headers": {
        "host": "localhost:5000",
        "connection": "keep-alive",
        "content-length": "160",
        "sec-ch-ua-platform": "\"Windows\"",
        "user-agent": "Mozilla/5.0 (Windows NT 10.0; Win64; x64) AppleWebKit/537.36 (KHTML, like Gecko) Chrome/151.0.0.0 Safari/537.36 Edg/151.0.0.0",
        "sec-ch-ua": "\"Not=A?Brand\";v=\"99\", \"Microsoft Edge\";v=\"151\", \"Chromium\";v=\"151\"",
        "dnt": "1",
        "content-type": "application/json",
        "sec-ch-ua-mobile": "?0",
        "accept": "*/*",
        "origin": "http://localhost:5173",
        "sec-fetch-site": "same-site",
        "sec-fetch-mode": "cors",
        "sec-fetch-dest": "empty",
        "referer": "http://localhost:5173/",
        "accept-encoding": "gzip, deflate, br, zstd",
        "accept-language": "en-US,en;q=0.9,ar;q=0.8"
      },
      "remoteAddress": "::1",
      "remotePort": 62917
    }
    [35mres[39m: {
      "statusCode": 201,
      "headers": {
        "x-powered-by": "Express",
        "access-control-allow-origin": "*",
        "content-type": "application/json; charset=utf-8",
        "content-length": "250",
        "etag": "W/\"fa-O7Xazn0FIWTMT0AAksJ2/D/4V5A\""
      }
    }
    [35mresponseTime[39m: 10
[20:27:26.247] [32mINFO[39m (8092): [36mrequest completed[39m
    [35mreq[39m: {
      "id": 11,
      "method": "GET",
      "url": "/api/products",
      "query": {},
      "params": {},
      "headers": {
        "host": "localhost:5000",
        "connection": "keep-alive",
        "sec-ch-ua-platform": "\"Windows\"",
        "user-agent": "Mozilla/5.0 (Windows NT 10.0; Win64; x64) AppleWebKit/537.36 (KHTML, like Gecko) Chrome/151.0.0.0 Safari/537.36 Edg/151.0.0.0",
        "sec-ch-ua": "\"Not=A?Brand\";v=\"99\", \"Microsoft Edge\";v=\"151\", \"Chromium\";v=\"151\"",
        "dnt": "1",
        "sec-ch-ua-mobile": "?0",
        "accept": "*/*",
        "origin": "http://localhost:5173",
        "sec-fetch-site": "same-site",
        "sec-fetch-mode": "cors",
        "sec-fetch-dest": "empty",
        "referer": "http://localhost:5173/",
        "accept-encoding": "gzip, deflate, br, zstd",
        "accept-language": "en-US,en;q=0.9,ar;q=0.8"
      },
      "remoteAddress": "::1",
      "remotePort": 62917
    }
    [35mres[39m: {
      "statusCode": 200,
      "headers": {
        "x-powered-by": "Express",
        "access-control-allow-origin": "*",
        "content-type": "application/json; charset=utf-8",
        "content-length": "252",
        "etag": "W/\"fc-YFYYZuS1sYR5JDdCg0WLVQbpzjY\""
      }
    }
    [35mresponseTime[39m: 1
[20:27:30.179] [32mINFO[39m (8092): [36mrequest completed[39m
    [35mreq[39m: {
      "id": 12,
      "method": "GET",
      "url": "/api/products",
      "query": {},
      "params": {},
      "headers": {
        "host": "localhost:5000",
        "connection": "keep-alive",
        "sec-ch-ua-platform": "\"Windows\"",
        "user-agent": "Mozilla/5.0 (Windows NT 10.0; Win64; x64) AppleWebKit/537.36 (KHTML, like Gecko) Chrome/151.0.0.0 Safari/537.36 Edg/151.0.0.0",
        "sec-ch-ua": "\"Not=A?Brand\";v=\"99\", \"Microsoft Edge\";v=\"151\", \"Chromium\";v=\"151\"",
        "dnt": "1",
        "sec-ch-ua-mobile": "?0",
        "accept": "*/*",
        "origin": "http://localhost:5173",
        "sec-fetch-site": "same-site",
        "sec-fetch-mode": "cors",
        "sec-fetch-dest": "empty",
        "referer": "http://localhost:5173/",
        "accept-encoding": "gzip, deflate, br, zstd",
        "accept-language": "en-US,en;q=0.9,ar;q=0.8",
        "if-none-match": "W/\"fc-YFYYZuS1sYR5JDdCg0WLVQbpzjY\""
      },
      "remoteAddress": "::1",
      "remotePort": 62917
    }
    [35mres[39m: {
      "statusCode": 304,
      "headers": {
        "x-powered-by": "Express",
        "access-control-allow-origin": "*",
        "etag": "W/\"fc-YFYYZuS1sYR5JDdCg0WLVQbpzjY\""
      }
    }
    [35mresponseTime[39m: 1
[20:27:31.783] [32mINFO[39m (8092): [36mrequest completed[39m
    [35mreq[39m: {
      "id": 13,
      "method": "GET",
      "url": "/api/orders",
      "query": {},
      "params": {},
      "headers": {
        "host": "localhost:5000",
        "connection": "keep-alive",
        "sec-ch-ua-platform": "\"Windows\"",
        "user-agent": "Mozilla/5.0 (Windows NT 10.0; Win64; x64) AppleWebKit/537.36 (KHTML, like Gecko) Chrome/151.0.0.0 Safari/537.36 Edg/151.0.0.0",
        "sec-ch-ua": "\"Not=A?Brand\";v=\"99\", \"Microsoft Edge\";v=\"151\", \"Chromium\";v=\"151\"",
        "dnt": "1",
        "sec-ch-ua-mobile": "?0",
        "accept": "*/*",
        "origin": "http://localhost:5173",
        "sec-fetch-site": "same-site",
        "sec-fetch-mode": "cors",
        "sec-fetch-dest": "empty",
        "referer": "http://localhost:5173/",
        "accept-encoding": "gzip, deflate, br, zstd",
        "accept-language": "en-US,en;q=0.9,ar;q=0.8",
        "if-none-match": "W/\"2-l9Fw4VUO7kr8CvBlt4zaMCqXZ0w\""
      },
      "remoteAddress": "::1",
      "remotePort": 62917
    }
    [35mres[39m: {
      "statusCode": 304,
      "headers": {
        "x-powered-by": "Express",
        "access-control-allow-origin": "*",
        "etag": "W/\"2-l9Fw4VUO7kr8CvBlt4zaMCqXZ0w\""
      }
    }
    [35mresponseTime[39m: 1
[20:27:32.967] [32mINFO[39m (8092): [36mrequest completed[39m
    [35mreq[39m: {
      "id": 14,
      "method": "GET",
      "url": "/api/orders",
      "query": {},
      "params": {},
      "headers": {
        "host": "localhost:5000",
        "connection": "keep-alive",
        "sec-ch-ua-platform": "\"Windows\"",
        "user-agent": "Mozilla/5.0 (Windows NT 10.0; Win64; x64) AppleWebKit/537.36 (KHTML, like Gecko) Chrome/151.0.0.0 Safari/537.36 Edg/151.0.0.0",
        "sec-ch-ua": "\"Not=A?Brand\";v=\"99\", \"Microsoft Edge\";v=\"151\", \"Chromium\";v=\"151\"",
        "dnt": "1",
        "sec-ch-ua-mobile": "?0",
        "accept": "*/*",
        "origin": "http://localhost:5173",
        "sec-fetch-site": "same-site",
        "sec-fetch-mode": "cors",
        "sec-fetch-dest": "empty",
        "referer": "http://localhost:5173/",
        "accept-encoding": "gzip, deflate, br, zstd",
        "accept-language": "en-US,en;q=0.9,ar;q=0.8",
        "if-none-match": "W/\"2-l9Fw4VUO7kr8CvBlt4zaMCqXZ0w\""
      },
      "remoteAddress": "::1",
      "remotePort": 62917
    }
    [35mres[39m: {
      "statusCode": 304,
      "headers": {
        "x-powered-by": "Express",
        "access-control-allow-origin": "*",
        "etag": "W/\"2-l9Fw4VUO7kr8CvBlt4zaMCqXZ0w\""
      }
    }
    [35mresponseTime[39m: 1
[20:27:34.859] [32mINFO[39m (8092): [36mrequest completed[39m
    [35mreq[39m: {
      "id": 15,
      "method": "GET",
      "url": "/api/products",
      "query": {},
      "params": {},
      "headers": {
        "host": "localhost:5000",
        "connection": "keep-alive",
        "sec-ch-ua-platform": "\"Windows\"",
        "user-agent": "Mozilla/5.0 (Windows NT 10.0; Win64; x64) AppleWebKit/537.36 (KHTML, like Gecko) Chrome/151.0.0.0 Safari/537.36 Edg/151.0.0.0",
        "sec-ch-ua": "\"Not=A?Brand\";v=\"99\", \"Microsoft Edge\";v=\"151\", \"Chromium\";v=\"151\"",
        "dnt": "1",
        "sec-ch-ua-mobile": "?0",
        "accept": "*/*",
        "origin": "http://localhost:5173",
        "sec-fetch-site": "same-site",
        "sec-fetch-mode": "cors",
        "sec-fetch-dest": "empty",
        "referer": "http://localhost:5173/",
        "accept-encoding": "gzip, deflate, br, zstd",
        "accept-language": "en-US,en;q=0.9,ar;q=0.8",
        "if-none-match": "W/\"fc-YFYYZuS1sYR5JDdCg0WLVQbpzjY\""
      },
      "remoteAddress": "::1",
      "remotePort": 62917
    }
    [35mres[39m: {
      "statusCode": 304,
      "headers": {
        "x-powered-by": "Express",
        "access-control-allow-origin": "*",
        "etag": "W/\"fc-YFYYZuS1sYR5JDdCg0WLVQbpzjY\""
      }
    }
    [35mresponseTime[39m: 2
[20:27:42.754] [32mINFO[39m (8092): [36mrequest completed[39m
    [35mreq[39m: {
      "id": 16,
      "method": "GET",
      "url": "/api/products",
      "query": {},
      "params": {},
      "headers": {
        "host": "localhost:5000",
        "connection": "keep-alive",
        "sec-ch-ua-platform": "\"Windows\"",
        "user-agent": "Mozilla/5.0 (Windows NT 10.0; Win64; x64) AppleWebKit/537.36 (KHTML, like Gecko) Chrome/151.0.0.0 Safari/537.36 Edg/151.0.0.0",
        "sec-ch-ua": "\"Not=A?Brand\";v=\"99\", \"Microsoft Edge\";v=\"151\", \"Chromium\";v=\"151\"",
        "dnt": "1",
        "sec-ch-ua-mobile": "?0",
        "accept": "*/*",
        "origin": "http://localhost:5173",
        "sec-fetch-site": "same-site",
        "sec-fetch-mode": "cors",
        "sec-fetch-dest": "empty",
        "referer": "http://localhost:5173/",
        "accept-encoding": "gzip, deflate, br, zstd",
        "accept-language": "en-US,en;q=0.9,ar;q=0.8",
        "if-none-match": "W/\"fc-YFYYZuS1sYR5JDdCg0WLVQbpzjY\""
      },
      "remoteAddress": "::1",
      "remotePort": 52402
    }
    [35mres[39m: {
      "statusCode": 304,
      "headers": {
        "x-powered-by": "Express",
        "access-control-allow-origin": "*",
        "etag": "W/\"fc-YFYYZuS1sYR5JDdCg0WLVQbpzjY\""
      }
    }
    [35mresponseTime[39m: 1
[20:28:05.765] [32mINFO[39m (8092): [36mrequest completed[39m
    [35mreq[39m: {
      "id": 17,
      "method": "GET",
      "url": "/api/healthz",
      "query": {},
      "params": {},
      "headers": {
        "host": "localhost:5000",
        "connection": "keep-alive",
        "sec-ch-ua": "\"Not=A?Brand\";v=\"99\", \"Microsoft Edge\";v=\"151\", \"Chromium\";v=\"151\"",
        "sec-ch-ua-mobile": "?0",
        "sec-ch-ua-platform": "\"Windows\"",
        "dnt": "1",
        "upgrade-insecure-requests": "1",
        "user-agent": "Mozilla/5.0 (Windows NT 10.0; Win64; x64) AppleWebKit/537.36 (KHTML, like Gecko) Chrome/151.0.0.0 Safari/537.36 Edg/151.0.0.0",
        "accept": "text/html,application/xhtml+xml,application/xml;q=0.9,image/avif,image/webp,image/apng,*/*;q=0.8,application/signed-exchange;v=b3;q=0.7",
        "sec-fetch-site": "none",
        "sec-fetch-mode": "navigate",
        "sec-fetch-user": "?1",
        "sec-fetch-dest": "document",
        "accept-encoding": "gzip, deflate, br, zstd",
        "accept-language": "en-US,en;q=0.9,ar;q=0.8",
        "cookie": "[Redacted]"
      },
      "remoteAddress": "::1",
      "remotePort": 54800
    }
    [35mres[39m: {
      "statusCode": 200,
      "headers": {
        "x-powered-by": "Express",
        "access-control-allow-origin": "*",
        "content-type": "application/json; charset=utf-8",
        "content-length": "15",
        "etag": "W/\"f-VaSQ4oDUiZblZNAEkkN+sX+q3Sg\""
      }
    }
    [35mresponseTime[39m: 1
[20:28:05.920] [32mINFO[39m (8092): [36mrequest completed[39m
    [35mreq[39m: {
      "id": 18,
      "method": "GET",
      "url": "/favicon.ico",
      "query": {},
      "params": {},
      "headers": {
        "host": "localhost:5000",
        "connection": "keep-alive",
        "sec-ch-ua-platform": "\"Windows\"",
        "user-agent": "Mozilla/5.0 (Windows NT 10.0; Win64; x64) AppleWebKit/537.36 (KHTML, like Gecko) Chrome/151.0.0.0 Safari/537.36 Edg/151.0.0.0",
        "sec-ch-ua": "\"Not=A?Brand\";v=\"99\", \"Microsoft Edge\";v=\"151\", \"Chromium\";v=\"151\"",
        "dnt": "1",
        "sec-ch-ua-mobile": "?0",
        "accept": "image/avif,image/webp,image/apng,image/svg+xml,image/*,*/*;q=0.8",
        "sec-fetch-site": "same-origin",
        "sec-fetch-mode": "no-cors",
        "sec-fetch-dest": "image",
        "referer": "http://localhost:5000/api/healthz",
        "accept-encoding": "gzip, deflate, br, zstd",
        "accept-language": "en-US,en;q=0.9,ar;q=0.8",
        "cookie": "[Redacted]"
      },
      "remoteAddress": "::1",
      "remotePort": 54800
    }
    [35mres[39m: {
      "statusCode": 404,
      "headers": {
        "x-powered-by": "Express",
        "access-control-allow-origin": "*",
        "content-security-policy": "default-src 'none'",
        "x-content-type-options": "nosniff",
        "content-type": "text/html; charset=utf-8",
        "content-length": 150
      }
    }
    [35mresponseTime[39m: 1
[20:28:09.806] [32mINFO[39m (8092): [36mrequest completed[39m
    [35mreq[39m: {
      "id": 19,
      "method": "GET",
      "url": "/api/products",
      "query": {},
      "params": {},
      "headers": {
        "host": "localhost:5000",
        "connection": "keep-alive",
        "sec-ch-ua": "\"Not=A?Brand\";v=\"99\", \"Microsoft Edge\";v=\"151\", \"Chromium\";v=\"151\"",
        "sec-ch-ua-mobile": "?0",
        "sec-ch-ua-platform": "\"Windows\"",
        "dnt": "1",
        "upgrade-insecure-requests": "1",
        "user-agent": "Mozilla/5.0 (Windows NT 10.0; Win64; x64) AppleWebKit/537.36 (KHTML, like Gecko) Chrome/151.0.0.0 Safari/537.36 Edg/151.0.0.0",
        "accept": "text/html,application/xhtml+xml,application/xml;q=0.9,image/avif,image/webp,image/apng,*/*;q=0.8,application/signed-exchange;v=b3;q=0.7",
        "sec-fetch-site": "none",
        "sec-fetch-mode": "navigate",
        "sec-fetch-user": "?1",
        "sec-fetch-dest": "document",
        "accept-encoding": "gzip, deflate, br, zstd",
        "accept-language": "en-US,en;q=0.9,ar;q=0.8",
        "cookie": "[Redacted]",
        "if-none-match": "W/\"fc-YFYYZuS1sYR5JDdCg0WLVQbpzjY\""
      },
      "remoteAddress": "::1",
      "remotePort": 54800
    }
    [35mres[39m: {
      "statusCode": 304,
      "headers": {
        "x-powered-by": "Express",
        "access-control-allow-origin": "*",
        "etag": "W/\"fc-YFYYZuS1sYR5JDdCg0WLVQbpzjY\""
      }
    }
    [35mresponseTime[39m: 37
[20:28:23.547] [32mINFO[39m (8092): [36mrequest completed[39m
    [35mreq[39m: {
      "id": 20,
      "method": "GET",
      "url": "/api/products",
      "query": {},
      "params": {},
      "headers": {
        "host": "localhost:5000",
        "connection": "keep-alive",
        "sec-ch-ua-platform": "\"Windows\"",
        "user-agent": "Mozilla/5.0 (Windows NT 10.0; Win64; x64) AppleWebKit/537.36 (KHTML, like Gecko) Chrome/151.0.0.0 Safari/537.36 Edg/151.0.0.0",
        "sec-ch-ua": "\"Not=A?Brand\";v=\"99\", \"Microsoft Edge\";v=\"151\", \"Chromium\";v=\"151\"",
        "dnt": "1",
        "sec-ch-ua-mobile": "?0",
        "accept": "*/*",
        "origin": "http://localhost:5173",
        "sec-fetch-site": "same-site",
        "sec-fetch-mode": "cors",
        "sec-fetch-dest": "empty",
        "referer": "http://localhost:5173/",
        "accept-encoding": "gzip, deflate, br, zstd",
        "accept-language": "en-US,en;q=0.9,ar;q=0.8",
        "if-none-match": "W/\"fc-YFYYZuS1sYR5JDdCg0WLVQbpzjY\""
      },
      "remoteAddress": "::1",
      "remotePort": 49561
    }
    [35mres[39m: {
      "statusCode": 304,
      "headers": {
        "x-powered-by": "Express",
        "access-control-allow-origin": "*",
        "etag": "W/\"fc-YFYYZuS1sYR5JDdCg0WLVQbpzjY\""
      }
    }
    [35mresponseTime[39m: 32
[20:28:28.715] [32mINFO[39m (8092): [36mrequest completed[39m
    [35mreq[39m: {
      "id": 21,
      "method": "GET",
      "url": "/api/orders",
      "query": {},
      "params": {},
      "headers": {
        "host": "localhost:5000",
        "connection": "keep-alive",
        "sec-ch-ua-platform": "\"Windows\"",
        "user-agent": "Mozilla/5.0 (Windows NT 10.0; Win64; x64) AppleWebKit/537.36 (KHTML, like Gecko) Chrome/151.0.0.0 Safari/537.36 Edg/151.0.0.0",
        "sec-ch-ua": "\"Not=A?Brand\";v=\"99\", \"Microsoft Edge\";v=\"151\", \"Chromium\";v=\"151\"",
        "dnt": "1",
        "sec-ch-ua-mobile": "?0",
        "accept": "*/*",
        "origin": "http://localhost:5173",
        "sec-fetch-site": "same-site",
        "sec-fetch-mode": "cors",
        "sec-fetch-dest": "empty",
        "referer": "http://localhost:5173/",
        "accept-encoding": "gzip, deflate, br, zstd",
        "accept-language": "en-US,en;q=0.9,ar;q=0.8",
        "if-none-match": "W/\"2-l9Fw4VUO7kr8CvBlt4zaMCqXZ0w\""
      },
      "remoteAddress": "::1",
      "remotePort": 49561
    }
    [35mres[39m: {
      "statusCode": 304,
      "headers": {
        "x-powered-by": "Express",
        "access-control-allow-origin": "*",
        "etag": "W/\"2-l9Fw4VUO7kr8CvBlt4zaMCqXZ0w\""
      }
    }
    [35mresponseTime[39m: 2
[20:29:30.837] [32mINFO[39m (8092): [36mrequest completed[39m
    [35mreq[39m: {
      "id": 22,
      "method": "GET",
      "url": "/api/orders",
      "query": {},
      "params": {},
      "headers": {
        "host": "localhost:5000",
        "connection": "keep-alive",
        "sec-ch-ua-platform": "\"Windows\"",
        "user-agent": "Mozilla/5.0 (Windows NT 10.0; Win64; x64) AppleWebKit/537.36 (KHTML, like Gecko) Chrome/151.0.0.0 Safari/537.36 Edg/151.0.0.0",
        "sec-ch-ua": "\"Not=A?Brand\";v=\"99\", \"Microsoft Edge\";v=\"151\", \"Chromium\";v=\"151\"",
        "dnt": "1",
        "sec-ch-ua-mobile": "?0",
        "accept": "*/*",
        "origin": "http://localhost:5173",
        "sec-fetch-site": "same-site",
        "sec-fetch-mode": "cors",
        "sec-fetch-dest": "empty",
        "referer": "http://localhost:5173/",
        "accept-encoding": "gzip, deflate, br, zstd",
        "accept-language": "en-US,en;q=0.9,ar;q=0.8",
        "if-none-match": "W/\"2-l9Fw4VUO7kr8CvBlt4zaMCqXZ0w\""
      },
      "remoteAddress": "::1",
      "remotePort": 60220
    }
    [35mres[39m: {
      "statusCode": 304,
      "headers": {
        "x-powered-by": "Express",
        "access-control-allow-origin": "*",
        "etag": "W/\"2-l9Fw4VUO7kr8CvBlt4zaMCqXZ0w\""
      }
    }
    [35mresponseTime[39m: 29
[20:29:31.851] [32mINFO[39m (8092): [36mrequest completed[39m
    [35mreq[39m: {
      "id": 23,
      "method": "GET",
      "url": "/api/products",
      "query": {},
      "params": {},
      "headers": {
        "host": "localhost:5000",
        "connection": "keep-alive",
        "sec-ch-ua-platform": "\"Windows\"",
        "user-agent": "Mozilla/5.0 (Windows NT 10.0; Win64; x64) AppleWebKit/537.36 (KHTML, like Gecko) Chrome/151.0.0.0 Safari/537.36 Edg/151.0.0.0",
        "sec-ch-ua": "\"Not=A?Brand\";v=\"99\", \"Microsoft Edge\";v=\"151\", \"Chromium\";v=\"151\"",
        "dnt": "1",
        "sec-ch-ua-mobile": "?0",
        "accept": "*/*",
        "origin": "http://localhost:5173",
        "sec-fetch-site": "same-site",
        "sec-fetch-mode": "cors",
        "sec-fetch-dest": "empty",
        "referer": "http://localhost:5173/",
        "accept-encoding": "gzip, deflate, br, zstd",
        "accept-language": "en-US,en;q=0.9,ar;q=0.8",
        "if-none-match": "W/\"fc-YFYYZuS1sYR5JDdCg0WLVQbpzjY\""
      },
      "remoteAddress": "::1",
      "remotePort": 60220
    }
    [35mres[39m: {
      "statusCode": 304,
      "headers": {
        "x-powered-by": "Express",
        "access-control-allow-origin": "*",
        "etag": "W/\"fc-YFYYZuS1sYR5JDdCg0WLVQbpzjY\""
      }
    }
    [35mresponseTime[39m: 2
[20:30:44.632] [32mINFO[39m (8092): [36mrequest completed[39m
    [35mreq[39m: {
      "id": 24,
      "method": "POST",
      "url": "/api/products",
      "query": {},
      "params": {},
      "headers": {
        "user-agent": "Mozilla/5.0 (Windows NT; Windows NT 10.0; en-US) WindowsPowerShell/5.1.26100.7462",
        "content-type": "application/json",
        "host": "localhost:5000",
        "content-length": "198",
        "expect": "100-continue",
        "connection": "Keep-Alive"
      },
      "remoteAddress": "::ffff:127.0.0.1",
      "remotePort": 52299
    }
    [35mres[39m: {
      "statusCode": 201,
      "headers": {
        "x-powered-by": "Express",
        "access-control-allow-origin": "*",
        "content-type": "application/json; charset=utf-8",
        "content-length": "228",
        "etag": "W/\"e4-j6DAJlKR48+cHh5sxjUKSbaJWfM\""
      }
    }
    [35mresponseTime[39m: 28
[20:30:44.673] [32mINFO[39m (8092): [36mrequest completed[39m
    [35mreq[39m: {
      "id": 25,
      "method": "DELETE",
      "url": "/api/products/2",
      "query": {},
      "params": {},
      "headers": {
        "user-agent": "Mozilla/5.0 (Windows NT; Windows NT 10.0; en-US) WindowsPowerShell/5.1.26100.7462",
        "host": "localhost:5000",
        "content-length": "0"
      },
      "remoteAddress": "::ffff:127.0.0.1",
      "remotePort": 52299
    }
    [35mres[39m: {
      "statusCode": 200,
      "headers": {
        "x-powered-by": "Express",
        "access-control-allow-origin": "*",
        "content-type": "application/json; charset=utf-8",
        "content-length": "42",
        "etag": "W/\"2a-a+2htZNpkCDaj0ausIFBiheaYZ4\""
      }
    }
    [35mresponseTime[39m: 6
[20:31:51.634] [32mINFO[39m (8092): [36mrequest completed[39m
    [35mreq[39m: {
      "id": 26,
      "method": "GET",
      "url": "/api/orders",
      "query": {},
      "params": {},
      "headers": {
        "host": "localhost:5000",
        "connection": "keep-alive",
        "sec-ch-ua-platform": "\"Windows\"",
        "user-agent": "Mozilla/5.0 (Windows NT 10.0; Win64; x64) AppleWebKit/537.36 (KHTML, like Gecko) Chrome/151.0.0.0 Safari/537.36 Edg/151.0.0.0",
        "sec-ch-ua": "\"Not=A?Brand\";v=\"99\", \"Microsoft Edge\";v=\"151\", \"Chromium\";v=\"151\"",
        "dnt": "1",
        "sec-ch-ua-mobile": "?0",
        "accept": "*/*",
        "origin": "http://localhost:5173",
        "sec-fetch-site": "same-site",
        "sec-fetch-mode": "cors",
        "sec-fetch-dest": "empty",
        "referer": "http://localhost:5173/",
        "accept-encoding": "gzip, deflate, br, zstd",
        "accept-language": "en-US,en;q=0.9,ar;q=0.8",
        "if-none-match": "W/\"2-l9Fw4VUO7kr8CvBlt4zaMCqXZ0w\""
      },
      "remoteAddress": "::1",
      "remotePort": 56267
    }
    [35mres[39m: {
      "statusCode": 304,
      "headers": {
        "x-powered-by": "Express",
        "access-control-allow-origin": "*",
        "etag": "W/\"2-l9Fw4VUO7kr8CvBlt4zaMCqXZ0w\""
      }
    }
    [35mresponseTime[39m: 33
[20:31:52.182] [32mINFO[39m (8092): [36mrequest completed[39m
    [35mreq[39m: {
      "id": 27,
      "method": "GET",
      "url": "/api/products",
      "query": {},
      "params": {},
      "headers": {
        "host": "localhost:5000",
        "connection": "keep-alive",
        "sec-ch-ua-platform": "\"Windows\"",
        "user-agent": "Mozilla/5.0 (Windows NT 10.0; Win64; x64) AppleWebKit/537.36 (KHTML, like Gecko) Chrome/151.0.0.0 Safari/537.36 Edg/151.0.0.0",
        "sec-ch-ua": "\"Not=A?Brand\";v=\"99\", \"Microsoft Edge\";v=\"151\", \"Chromium\";v=\"151\"",
        "dnt": "1",
        "sec-ch-ua-mobile": "?0",
        "accept": "*/*",
        "origin": "http://localhost:5173",
        "sec-fetch-site": "same-site",
        "sec-fetch-mode": "cors",
        "sec-fetch-dest": "empty",
        "referer": "http://localhost:5173/",
        "accept-encoding": "gzip, deflate, br, zstd",
        "accept-language": "en-US,en;q=0.9,ar;q=0.8",
        "if-none-match": "W/\"fc-YFYYZuS1sYR5JDdCg0WLVQbpzjY\""
      },
      "remoteAddress": "::1",
      "remotePort": 56267
    }
    [35mres[39m: {
      "statusCode": 304,
      "headers": {
        "x-powered-by": "Express",
        "access-control-allow-origin": "*",
        "etag": "W/\"fc-YFYYZuS1sYR5JDdCg0WLVQbpzjY\""
      }
    }
    [35mresponseTime[39m: 1
[20:32:17.215] [32mINFO[39m (8092): [36mrequest completed[39m
    [35mreq[39m: {
      "id": 28,
      "method": "OPTIONS",
      "url": "/api/products",
      "query": {},
      "params": {},
      "headers": {
        "host": "localhost:5000",
        "connection": "keep-alive",
        "accept": "*/*",
        "access-control-request-method": "POST",
        "access-control-request-headers": "content-type",
        "origin": "http://localhost:5173",
        "user-agent": "Mozilla/5.0 (Windows NT 10.0; Win64; x64) AppleWebKit/537.36 (KHTML, like Gecko) Chrome/151.0.0.0 Safari/537.36 Edg/151.0.0.0",
        "sec-fetch-mode": "cors",
        "sec-fetch-site": "same-site",
        "sec-fetch-dest": "empty",
        "referer": "http://localhost:5173/",
        "accept-encoding": "gzip, deflate, br, zstd",
        "accept-language": "en-US,en;q=0.9,ar;q=0.8"
      },
      "remoteAddress": "::1",
      "remotePort": 62674
    }
    [35mres[39m: {
      "statusCode": 204,
      "headers": {
        "x-powered-by": "Express",
        "access-control-allow-origin": "*",
        "access-control-allow-methods": "GET,HEAD,PUT,PATCH,POST,DELETE",
        "vary": "Access-Control-Request-Headers",
        "access-control-allow-headers": "content-type",
        "content-length": "0"
      }
    }
    [35mresponseTime[39m: 1
[20:32:17.246] [32mINFO[39m (8092): [36mrequest completed[39m
    [35mreq[39m: {
      "id": 29,
      "method": "POST",
      "url": "/api/products",
      "query": {},
      "params": {},
      "headers": {
        "host": "localhost:5000",
        "connection": "keep-alive",
        "content-length": "220",
        "sec-ch-ua-platform": "\"Windows\"",
        "user-agent": "Mozilla/5.0 (Windows NT 10.0; Win64; x64) AppleWebKit/537.36 (KHTML, like Gecko) Chrome/151.0.0.0 Safari/537.36 Edg/151.0.0.0",
        "sec-ch-ua": "\"Not=A?Brand\";v=\"99\", \"Microsoft Edge\";v=\"151\", \"Chromium\";v=\"151\"",
        "dnt": "1",
        "content-type": "application/json",
        "sec-ch-ua-mobile": "?0",
        "accept": "*/*",
        "origin": "http://localhost:5173",
        "sec-fetch-site": "same-site",
        "sec-fetch-mode": "cors",
        "sec-fetch-dest": "empty",
        "referer": "http://localhost:5173/",
        "accept-encoding": "gzip, deflate, br, zstd",
        "accept-language": "en-US,en;q=0.9,ar;q=0.8"
      },
      "remoteAddress": "::1",
      "remotePort": 62674
    }
    [35mres[39m: {
      "statusCode": 201,
      "headers": {
        "x-powered-by": "Express",
        "access-control-allow-origin": "*",
        "content-type": "application/json; charset=utf-8",
        "content-length": "310",
        "etag": "W/\"136-koLrGkWASrQ7pmKAuLq5gwSeNfY\""
      }
    }
    [35mresponseTime[39m: 30
[20:32:17.251] [32mINFO[39m (8092): [36mrequest completed[39m
    [35mreq[39m: {
      "id": 30,
      "method": "GET",
      "url": "/api/products",
      "query": {},
      "params": {},
      "headers": {
        "host": "localhost:5000",
        "connection": "keep-alive",
        "sec-ch-ua-platform": "\"Windows\"",
        "user-agent": "Mozilla/5.0 (Windows NT 10.0; Win64; x64) AppleWebKit/537.36 (KHTML, like Gecko) Chrome/151.0.0.0 Safari/537.36 Edg/151.0.0.0",
        "sec-ch-ua": "\"Not=A?Brand\";v=\"99\", \"Microsoft Edge\";v=\"151\", \"Chromium\";v=\"151\"",
        "dnt": "1",
        "sec-ch-ua-mobile": "?0",
        "accept": "*/*",
        "origin": "http://localhost:5173",
        "sec-fetch-site": "same-site",
        "sec-fetch-mode": "cors",
        "sec-fetch-dest": "empty",
        "referer": "http://localhost:5173/",
        "accept-encoding": "gzip, deflate, br, zstd",
        "accept-language": "en-US,en;q=0.9,ar;q=0.8"
      },
      "remoteAddress": "::1",
      "remotePort": 62674
    }
    [35mres[39m: {
      "statusCode": 200,
      "headers": {
        "x-powered-by": "Express",
        "access-control-allow-origin": "*",
        "content-type": "application/json; charset=utf-8",
        "content-length": "563",
        "etag": "W/\"233-xeQSoUnSKLx922fg4niTOysNAzs\""
      }
    }
    [35mresponseTime[39m: 1
[ELIFECYCLE] Command failed with exit code 1073807364.
